[dotenv@17.3.1] injecting env (13) from .env.local -- tip: 🔐 encrypt with Dotenvx: https://dotenvx.com
🔗 Generated magic link for admin (e2e-admin@availarch.test)
   Found tokens in URL hash
   👤 Set profile role to admin
✅ Authenticated as admin
🔗 Generated magic link for user (e2e-user@availarch.test)
   Found tokens in URL hash
✅ Authenticated as user
🎭 All auth states ready.

Running 76 tests using 6 workers

  ✓   2 [admin] › e2e\flows\dashboard.admin.spec.ts:9:9 › Dashboard - Admin User › should load dashboard without Access Denied (4.8s)
  ✓   3 [user] › e2e\flows\dashboard.user.spec.ts:16:9 › Dashboard - Regular User › should not show admin features for regular user (6.3s)
  ✓   6 [admin] › e2e\flows\dashboard.admin.spec.ts:35:9 › Dashboard - Admin User › should have navigation to projects and responses tabs (6.8s)
  ✘   1 [admin] › e2e\flows\dashboard.admin.spec.ts:14:9 › Dashboard - Admin User › should display admin features (7.0s)
  ✓   7 [public] › e2e\pages\about.spec.ts:8:7 › About Page › should load without crash (935ms)
  ✓   9 [public] › e2e\pages\about.spec.ts:12:7 › About Page › should display about page (856ms)
  ✓  11 [public] › e2e\pages\auth-success.spec.ts:4:9 › Auth Success Page › should load auth success page (957ms)
  ✓   8 [public] › e2e\pages\auth-success.spec.ts:10:9 › Auth Success Page › should handle authentication callback (2.8s)
  ✓  12 [public] › e2e\pages\auth-success.spec.ts:17:9 › Auth Success Page › should redirect or show content after auth (1.5s)
  ✓  13 [public] › e2e\pages\blog.spec.ts:8:7 › Blog Page › should load without crash (974ms)
  ✓  14 [public] › e2e\pages\blog.spec.ts:12:7 › Blog Page › should display blog page (880ms)
  ✓  10 [public] › e2e\pages\about.spec.ts:17:7 › About Page › should not have critical console errors (2.4s)
  ✘   4 [admin] › e2e\flows\dashboard.admin.spec.ts:28:9 › Dashboard - Admin User › should show requests tab by default (11.9s)
  ✓  17 [public] › e2e\pages\home.spec.ts:8:7 › Home Page › should load without crash (1.3s)
  ✓  18 [public] › e2e\pages\home.spec.ts:12:7 › Home Page › should display main content (1.0s)
  ✓  15 [public] › e2e\pages\blog.spec.ts:17:7 › Blog Page › should not have critical console errors (1.9s)
  ✓  19 [public] › e2e\pages\home.spec.ts:37:7 › Home Page › should have valid meta tags (775ms)
  ✓  20 [public] › e2e\pages\not-found.spec.ts:4:9 › 404 Not Found Page › should handle invalid route gracefully (749ms)
  ✓  16 [public] › e2e\pages\custom-cursor.spec.ts:4:9 › CustomCursor › should render cursor on home page (2.4s)
  ✓  23 [public] › e2e\pages\process.spec.ts:8:7 › Process Page › should load without crash (1.0s)
  ✓  24 [public] › e2e\pages\process.spec.ts:12:7 › Process Page › should display process page (857ms)
  ✓  22 [public] › e2e\pages\not-found.spec.ts:17:9 › 404 Not Found Page › should have working navigation from 404 (1.2s)
  ✓  21 [public] › e2e\pages\not-found.spec.ts:10:9 › 404 Not Found Page › should display not found content (1.7s)
  ✓  25 [public] › e2e\pages\process.spec.ts:17:7 › Process Page › should not have critical console errors (1.9s)
  ✓  26 [public] › e2e\pages\project-details.spec.ts:4:9 › Project Details Page › should load project page structure (2.5s)
  ✓  27 [public] › e2e\pages\home.spec.ts:16:7 › Home Page › should not have critical console errors (2.4s)
  ✓  30 [public] › e2e\pages\project-details.spec.ts:24:9 › Project Details Page › should have back link to projects (795ms)
  ✘   5 [user] › e2e\flows\dashboard.user.spec.ts:9:9 › Dashboard - Regular User › should show Access Denied for non-admin user (17.0s)
  ✓  33 [public] › e2e\pages\projects.spec.ts:10:7 › Projects Page › should navigate to individual project page (787ms)
  ✓  31 [public] › e2e\pages\project-details.spec.ts:33:9 › Project Details Page › should not crash on project page (1.1s)
  ✓  35 [public] › e2e\pages\public-routes.spec.ts:13:9 › Route: / › should return 200 for / (595ms)
  ✓  29 [public] › e2e\pages\project-details.spec.ts:17:9 › Project Details Page › should handle invalid project id (4.4s)
  ✓  28 [public] › e2e\pages\project-details.spec.ts:10:9 › Project Details Page › should display project content or not found (4.5s)
  ✓  32 [public] › e2e\pages\projects.spec.ts:4:7 › Projects Page › should load project list page (2.0s)
  ✓  36 [public] › e2e\pages\public-routes.spec.ts:18:9 › Route: / › should not crash on / (899ms)
  ✓  34 [public] › e2e\pages\projects.spec.ts:27:7 › Projects Page › should not have critical console errors on projects (2.0s)
  ✓  37 [public] › e2e\pages\public-routes.spec.ts:18:9 › Route: /about › should not crash on /about (1.9s)
  ✓  39 [public] › e2e\pages\public-routes.spec.ts:13:9 › Route: /process › should return 200 for /process (1.9s)
  ✓  38 [public] › e2e\pages\public-routes.spec.ts:13:9 › Route: /about › should return 200 for /about (1.9s)
  ✓  42 [public] › e2e\pages\public-routes.spec.ts:13:9 › Route: /blog › should return 200 for /blog (1.3s)
  ✓  41 [public] › e2e\pages\public-routes.spec.ts:18:9 › Route: /process › should not crash on /process (1.7s)
  ✓  40 [public] › e2e\pages\projects.spec.ts:20:7 › Projects Page › should display project details without crash (2.4s)
  ✓  44 [public] › e2e\pages\public-routes.spec.ts:13:9 › Route: /track-request › should return 200 for /track-request (1.5s)
  ✓  45 [public] › e2e\pages\public-routes.spec.ts:18:9 › Route: /track-request › should not crash on /track-request (1.5s)
  ✓  43 [public] › e2e\pages\public-routes.spec.ts:18:9 › Route: /blog › should not crash on /blog (1.6s)
  ✓  46 [public] › e2e\pages\public-routes.spec.ts:26:7 › Static Assets › should have valid HTML structure (1.3s)
  ✓  47 [public] › e2e\pages\public-routes.spec.ts:31:7 › Static Assets › should load fonts correctly (1.2s)
  ✓  48 [flows] › e2e\flows\authentication.spec.ts:4:7 › Authentication › should have login page accessible (952ms)
  ✓  49 [flows] › e2e\flows\authentication.spec.ts:16:7 › Authentication › should not expose sensitive data without auth (1.9s)
  ✓  52 [flows] › e2e\flows\authentication.spec.ts:21:7 › Authentication › should handle auth callback page (1.8s)
  ✓  51 [flows] › e2e\flows\authentication.spec.ts:9:7 › Authentication › should redirect to auth when accessing protected route (2.9s)
  ✓  53 [flows] › e2e\flows\dashboard.admin.spec.ts:9:9 › Dashboard - Admin User › should load dashboard without Access Denied (3.7s)
  ✓  50 [flows] › e2e\flows\dashboard-enhanced.spec.ts:4:9 › Dashboard Enhanced (Unauthenticated) › should redirect to home when not authenticated (4.2s)
  ✘  54 [flows] › e2e\flows\dashboard.admin.spec.ts:14:9 › Dashboard - Admin User › should display admin features (5.3s)
  ✓  57 [flows] › e2e\flows\dashboard.spec.ts:4:7 › Dashboard (Unauthenticated) › should redirect to home when not authenticated (3.0s)
  ✓  60 [flows] › e2e\flows\track-request.spec.ts:12:7 › Track Request Form › should display page content (532ms)
  ✓  56 [flows] › e2e\flows\dashboard.admin.spec.ts:35:9 › Dashboard - Admin User › should have navigation to projects and responses tabs (4.7s)
  ✓  62 [flows] › e2e\flows\track-request.spec.ts:23:7 › Track Request Form › should allow BHK selection (549ms)
  ✓  63 [flows] › e2e\flows\track-request.spec.ts:30:7 › Track Request Form › should have area unit toggle (sqft/sqmt) (614ms)
  ✓  59 [flows] › e2e\flows\dashboard.user.spec.ts:16:9 › Dashboard - Regular User › should not show admin features for regular user (3.9s)
  ✓  64 [flows] › e2e\flows\track-request.spec.ts:8:7 › Track Request Form › should load without crash (787ms)
  ✓  61 [flows] › e2e\flows\track-request.spec.ts:17:7 › Track Request Form › should handle form or redirect to auth (2.6s)
  ✓  65 [flows] › e2e\flows\track-request.spec.ts:42:7 › Track Request Form › should not have critical console errors (2.0s)
LCP: 812ms
  ✓  66 [performance] › e2e\performance\core-vitals.spec.ts:9:7 › Performance - Core Web Vitals › Home page LCP should be under threshold (1.7s)
Page load time: 449ms
  ✘  55 [flows] › e2e\flows\dashboard.admin.spec.ts:28:9 › Dashboard - Admin User › should show requests tab by default (9.9s)
  ✓  68 [performance] › e2e\performance\core-vitals.spec.ts:51:7 › Performance - Core Web Vitals › Page should load within reasonable time (688ms)
Large blocking scripts: 0
  ✓  71 [performance] › e2e\performance\core-vitals.spec.ts:61:7 › Performance - Core Web Vitals › should not have render-blocking resources (242ms)
  ✓  70 [performance] › e2e\performance\loading-states.spec.ts:4:9 › Loading States › should show loading state on home page (692ms)
CLS: 0
Images with loading attributes: 2/2
  ✓  67 [performance] › e2e\performance\core-vitals.spec.ts:29:7 › Performance - Core Web Vitals › Home page should have minimal CLS (2.7s)
  ✓  72 [performance] › e2e\performance\loading-states.spec.ts:11:9 › Loading States › should handle slow network gracefully (751ms)
  ✓  69 [performance] › e2e\performance\core-vitals.spec.ts:74:7 › Performance - Core Web Vitals › images should have proper loading attributes (1.7s)
  ✓  73 [performance] › e2e\performance\loading-states.spec.ts:22:9 › Loading States › should eventually show content even with delays (1.7s)
/api/projects: 296ms (200)
/api/requests: 338ms (200)
  ✓  76 [performance] › e2e\performance\core-vitals.spec.ts:96:7 › Performance - API Response › API routes should respond quickly (662ms)
  ✓  74 [performance] › e2e\performance\loading-states.spec.ts:33:9 › Loading States › should handle page navigation smoothly (2.4s)
  ✓  75 [performance] › e2e\performance\loading-states.spec.ts:44:9 › Loading States › should handle API timeout gracefully (3.8s)
  ✘  58 [flows] › e2e\flows\dashboard.user.spec.ts:9:9 › Dashboard - Regular User › should show Access Denied for non-admin user (13.9s)


  1) [admin] › e2e\flows\dashboard.admin.spec.ts:14:9 › Dashboard - Admin User › should display admin features 

    Error: [2mexpect([22m[31mreceived[39m[2m).[22mtoBe[2m([22m[32mexpected[39m[2m) // Object.is equality[22m

    Expected: [32mtrue[39m
    Received: [31mfalse[39m

      23 |                                     pageContent.includes('Responses') ||
      24 |                                     pageContent.includes('Project');
    > 25 |         expect(hasAdminIndicators).toBe(true);
         |                                    ^
      26 |     });
      27 |
      28 |     test('should show requests tab by default', async ({ page }) => {
        at I:\AvailArch\e2e\flows\dashboard.admin.spec.ts:25:36

    attachment #1: screenshot (image/png) ──────────────────────────────────────────────────────────
    test-results\flows-dashboard.admin-Dash-1465b-ould-display-admin-features-admin\test-failed-1.png
    ────────────────────────────────────────────────────────────────────────────────────────────────

    Error Context: test-results\flows-dashboard.admin-Dash-1465b-ould-display-admin-features-admin\error-context.md

  2) [admin] › e2e\flows\dashboard.admin.spec.ts:28:9 › Dashboard - Admin User › should show requests tab by default 

    Error: [2mexpect([22m[31mlocator[39m[2m).[22mtoBeVisible[2m([22m[2m)[22m failed

    Locator: locator('text=Requests').first()
    Expected: visible
    Timeout: 5000ms
    Error: element(s) not found

    Call log:
    [2m  - Expect "toBeVisible" with timeout 5000ms[22m
    [2m  - waiting for locator('text=Requests').first()[22m


      30 |         
      31 |         const requestsTab = page.locator('text=Requests').first();
    > 32 |         await expect(requestsTab).toBeVisible();
         |                                   ^
      33 |     });
      34 |
      35 |     test('should have navigation to projects and responses tabs', async ({ page }) => {
        at I:\AvailArch\e2e\flows\dashboard.admin.spec.ts:32:35

    attachment #1: screenshot (image/png) ──────────────────────────────────────────────────────────
    test-results\flows-dashboard.admin-Dash-09fb9-how-requests-tab-by-default-admin\test-failed-1.png
    ────────────────────────────────────────────────────────────────────────────────────────────────

    Error Context: test-results\flows-dashboard.admin-Dash-09fb9-how-requests-tab-by-default-admin\error-context.md

  3) [user] › e2e\flows\dashboard.user.spec.ts:9:9 › Dashboard - Regular User › should show Access Denied for non-admin user 

    Error: [2mexpect([22m[31mlocator[39m[2m).[22mtoBeVisible[2m([22m[2m)[22m failed

    Locator: locator('text=Access Denied')
    Expected: visible
    Timeout: 10000ms
    Error: element(s) not found

    Call log:
    [2m  - Expect "toBeVisible" with timeout 10000ms[22m
    [2m  - waiting for locator('text=Access Denied')[22m


      11 |         
      12 |         const accessDenied = page.locator('text=Access Denied');
    > 13 |         await expect(accessDenied).toBeVisible({ timeout: 10000 });
         |                                    ^
      14 |     });
      15 |
      16 |     test('should not show admin features for regular user', async ({ page }) => {
        at I:\AvailArch\e2e\flows\dashboard.user.spec.ts:13:36

    attachment #1: screenshot (image/png) ──────────────────────────────────────────────────────────
    test-results\flows-dashboard.user-Dashb-f9c23-s-Denied-for-non-admin-user-user\test-failed-1.png
    ────────────────────────────────────────────────────────────────────────────────────────────────

    Error Context: test-results\flows-dashboard.user-Dashb-f9c23-s-Denied-for-non-admin-user-user\error-context.md

  4) [flows] › e2e\flows\dashboard.admin.spec.ts:14:9 › Dashboard - Admin User › should display admin features 

    Error: [2mexpect([22m[31mreceived[39m[2m).[22mtoBe[2m([22m[32mexpected[39m[2m) // Object.is equality[22m

    Expected: [32mtrue[39m
    Received: [31mfalse[39m

      23 |                                     pageContent.includes('Responses') ||
      24 |                                     pageContent.includes('Project');
    > 25 |         expect(hasAdminIndicators).toBe(true);
         |                                    ^
      26 |     });
      27 |
      28 |     test('should show requests tab by default', async ({ page }) => {
        at I:\AvailArch\e2e\flows\dashboard.admin.spec.ts:25:36

    attachment #1: screenshot (image/png) ──────────────────────────────────────────────────────────
    test-results\flows-dashboard.admin-Dash-1465b-ould-display-admin-features-flows\test-failed-1.png
    ────────────────────────────────────────────────────────────────────────────────────────────────

    Error Context: test-results\flows-dashboard.admin-Dash-1465b-ould-display-admin-features-flows\error-context.md

  5) [flows] › e2e\flows\dashboard.admin.spec.ts:28:9 › Dashboard - Admin User › should show requests tab by default 

    Error: [2mexpect([22m[31mlocator[39m[2m).[22mtoBeVisible[2m([22m[2m)[22m failed

    Locator: locator('text=Requests').first()
    Expected: visible
    Timeout: 5000ms
    Error: element(s) not found

    Call log:
    [2m  - Expect "toBeVisible" with timeout 5000ms[22m
    [2m  - waiting for locator('text=Requests').first()[22m


      30 |         
      31 |         const requestsTab = page.locator('text=Requests').first();
    > 32 |         await expect(requestsTab).toBeVisible();
         |                                   ^
      33 |     });
      34 |
      35 |     test('should have navigation to projects and responses tabs', async ({ page }) => {
        at I:\AvailArch\e2e\flows\dashboard.admin.spec.ts:32:35

    attachment #1: screenshot (image/png) ──────────────────────────────────────────────────────────
    test-results\flows-dashboard.admin-Dash-09fb9-how-requests-tab-by-default-flows\test-failed-1.png
    ────────────────────────────────────────────────────────────────────────────────────────────────

    Error Context: test-results\flows-dashboard.admin-Dash-09fb9-how-requests-tab-by-default-flows\error-context.md

  6) [flows] › e2e\flows\dashboard.user.spec.ts:9:9 › Dashboard - Regular User › should show Access Denied for non-admin user 

    Error: [2mexpect([22m[31mlocator[39m[2m).[22mtoBeVisible[2m([22m[2m)[22m failed

    Locator: locator('text=Access Denied')
    Expected: visible
    Timeout: 10000ms
    Error: element(s) not found

    Call log:
    [2m  - Expect "toBeVisible" with timeout 10000ms[22m
    [2m  - waiting for locator('text=Access Denied')[22m


      11 |         
      12 |         const accessDenied = page.locator('text=Access Denied');
    > 13 |         await expect(accessDenied).toBeVisible({ timeout: 10000 });
         |                                    ^
      14 |     });
      15 |
      16 |     test('should not show admin features for regular user', async ({ page }) => {
        at I:\AvailArch\e2e\flows\dashboard.user.spec.ts:13:36

    attachment #1: screenshot (image/png) ──────────────────────────────────────────────────────────
    test-results\flows-dashboard.user-Dashb-f9c23-s-Denied-for-non-admin-user-flows\test-failed-1.png
    ────────────────────────────────────────────────────────────────────────────────────────────────

    Error Context: test-results\flows-dashboard.user-Dashb-f9c23-s-Denied-for-non-admin-user-flows\error-context.md

  6 failed
    [admin] › e2e\flows\dashboard.admin.spec.ts:14:9 › Dashboard - Admin User › should display admin features 
    [admin] › e2e\flows\dashboard.admin.spec.ts:28:9 › Dashboard - Admin User › should show requests tab by default 
    [user] › e2e\flows\dashboard.user.spec.ts:9:9 › Dashboard - Regular User › should show Access Denied for non-admin user 
    [flows] › e2e\flows\dashboard.admin.spec.ts:14:9 › Dashboard - Admin User › should display admin features 
    [flows] › e2e\flows\dashboard.admin.spec.ts:28:9 › Dashboard - Admin User › should show requests tab by default 
    [flows] › e2e\flows\dashboard.user.spec.ts:9:9 › Dashboard - Regular User › should show Access Denied for non-admin user 
  70 passed (56.5s)
