.next/types/validator.ts(134,39): error TS2307: Cannot find module '../../src/app/api/auth/[...nextauth]/route.js' or its corresponding type declarations.
scripts/migrate.ts(1,35): error TS2307: Cannot find module '../src/lib/googleSheets' or its corresponding type declarations.
src/app/projects/[id]/page.tsx(1,30): error TS2307: Cannot find module '@/lib/googleSheets' or its corresponding type declarations.
src/lib/sheetsAdmin.ts(1,24): error TS2307: Cannot find module 'googleapis' or its corresponding type declarations.
src/lib/sheetsAdmin.ts(27,8): error TS7006: Parameter 's' implicitly has an 'any' type.
src/lib/sheetsAdmin.ts(32,10): error TS7006: Parameter 's' implicitly has an 'any' type.
